###############################################################################
#
# IAR ELF Linker V9.40.1.364/W64 for ARM                  12/Jul/2023  21:08:55
# Copyright 2007-2023 IAR Systems AB.
#
#    Output file  =
#        D:\Embedded\FPT\IAR
#        Workspace\ASM_MOCK\Project\Debug\Exe\MOV_ASM_#MOCK.out
#    Map file     =
#        D:\Embedded\FPT\IAR
#        Workspace\ASM_MOCK\Project\Debug\List\MOV_ASM_#MOCK.map
#    Command line =
#        -f "D:\Embedded\FPT\IAR
#        Workspace\ASM_MOCK\Project\Debug\Exe\MOV_ASM_#MOCK.out.rsp"
#        ("D:\Embedded\FPT\IAR
#        Workspace\ASM_MOCK\Project\Debug\Obj\Queue_12762083910729042743.dir\fpt_emb_queue.o"
#        "D:\Embedded\FPT\IAR
#        Workspace\ASM_MOCK\Project\Debug\Obj\SREC_6463990023672075483.dir\fpt_emb_srec.o"
#        "D:\Embedded\FPT\IAR
#        Workspace\ASM_MOCK\Project\Debug\Obj\Utilities_2938545131390514511.dir\fpt_emb_utility.o"
#        "D:\Embedded\FPT\IAR
#        Workspace\ASM_MOCK\Project\Debug\Obj\Src_3966909835793171076.dir\main.o"
#        "D:\Embedded\FPT\IAR
#        Workspace\ASM_MOCK\Project\Debug\Obj\Driver_Src_14374164200283088598.dir\mke16z4_clock.o"
#        "D:\Embedded\FPT\IAR
#        Workspace\ASM_MOCK\Project\Debug\Obj\Driver_Src_14374164200283088598.dir\mke16z4_core.o"
#        "D:\Embedded\FPT\IAR
#        Workspace\ASM_MOCK\Project\Debug\Obj\Driver_Src_14374164200283088598.dir\mke16z4_flash.o"
#        "D:\Embedded\FPT\IAR
#        Workspace\ASM_MOCK\Project\Debug\Obj\Driver_Src_14374164200283088598.dir\mke16z4_lpuart.o"
#        "D:\Embedded\FPT\IAR
#        Workspace\ASM_MOCK\Project\Debug\Obj\Driver_Src_14374164200283088598.dir\mke16z4_port_gpio.o"
#        "D:\Embedded\FPT\IAR
#        Workspace\ASM_MOCK\Project\Debug\Obj\Startup_6672369547335228436.dir\startup_MKE16Z4.o"
#        "D:\Embedded\FPT\IAR
#        Workspace\ASM_MOCK\Project\Debug\Obj\Startup_6672369547335228436.dir\system_MKE16Z4.o"
#        --no_out_extension -o "D:\Embedded\FPT\IAR
#        Workspace\ASM_MOCK\Project\Debug\Exe\MOV_ASM_#MOCK.out" --map
#        "D:\Embedded\FPT\IAR
#        Workspace\ASM_MOCK\Project\Debug\List\MOV_ASM_#MOCK.map" --config
#        "C:\Program Files\IAR Systems\Embedded Workbench
#        9.2\arm/config/linker/NXP/MKE16Z64xxx4.icf" --semihosting --entry
#        __iar_program_start --vfe --text_out locale --cpu=Cortex-M0+
#        --fpu=None) --dependencies=n "D:\Embedded\FPT\IAR
#        Workspace\ASM_MOCK\Project\Debug\Exe\MOV_ASM_#MOCK.out.iar_deps"
#
###############################################################################

*******************************************************************************
*** RUNTIME MODEL ATTRIBUTES
***

CppFlavor       = *
__CPP_Runtime   = 1
__SystemLibrary = DLib
__dlib_version  = 6


*******************************************************************************
*** HEAP SELECTION
***

The basic heap was selected because --advanced_heap
was not specified and the application did not appear to
be primarily optimized for speed.


*******************************************************************************
*** PLACEMENT SUMMARY
***

"A0":  place at address 0x0 { ro section .intvec };
"P1":  place in [from 0x0 to 0x3ff] |
                [from 0x410 to 0xffff] { ro };
define block CSTACK with size = 512, alignment = 8 { };
define block PROC_STACK with size = 0, alignment = 8 { };
define block HEAP with size = 2K, alignment = 8 { };
"P2":  place in [from 0x1fff'f800 to 0x1fff'ffff] |
                [from 0x2000'0000 to 0x2000'17ff] {
          rw, block CSTACK, block PROC_STACK, block HEAP };
"P3":  place in [from 0x400 to 0x40f] { section FlashConfig };
initialize by copy { rw };

  Section            Kind         Address    Size  Object
  -------            ----         -------    ----  ------
"A0":                                        0xc0
  .intvec            ro code          0x0    0xc0  startup_MKE16Z4.o [5]
                                   - 0xc0    0xc0

"P1", part 1 of 2:                          0x12c
  .text              ro code         0xc0    0x24  ABIassert.o [9]
  .text              ro code         0xe4    0xae  I32DivModFast.o [8]
  .text              ro code        0x192     0xa  xsprout.o [7]
  .text              ro code        0x19c     0xa  abort.o [7]
  .text              ro code        0x1a8     0x2  IntDivZer.o [8]
  .text              ro code        0x1aa     0x2  startup_MKE16Z4.o [5]
  .text              ro code        0x1ac    0x14  exit.o [9]
  Initializer bytes  const          0x1c0    0x2c  <for P2 s0>
                                  - 0x1ec   0x12c

"P3":                                        0x10
  FlashConfig        ro code        0x400    0x10  startup_MKE16Z4.o [5]
                                  - 0x410    0x10

"P1", part 2 of 2:                         0x3f58
  .text              ro code        0x410   0x9e8  mke16z4_lpuart.o [1]
  .text              ro code        0xdf8   0x3f4  mke16z4_clock.o [1]
  .text              ro code       0x11ec   0x15a  mke16z4_core.o [1]
  .rodata            const         0x1348   0x6e8  mke16z4_lpuart.o [1]
  .text              ro code       0x1a30   0x44c  main.o [4]
  .text              ro code       0x1e7c   0x2c4  mke16z4_port_gpio.o [1]
  .text              ro code       0x2140    0x76  fpt_emb_utility.o [6]
  .text              ro code       0x21b6    0xc2  fpt_emb_queue.o [2]
  .text              ro code       0x2278   0x3ee  fpt_emb_srec.o [3]
  .text              ro code       0x2666     0x2  startup_MKE16Z4.o [5]
  .text              ro code       0x2668    0x40  sprintf.o [7]
  .text              ro code       0x26a8   0x210  mke16z4_flash.o [1]
  .text              ro code       0x28b8    0x4e  ABImemset.o [8]
  .text              ro code       0x2906   0x17c  xprintftiny.o [7]
  .text              ro code       0x2a82     0x2  startup_MKE16Z4.o [5]
  .rodata            const         0x2a84   0x2c0  main.o [4]
  .rodata            const         0x2d44   0x28c  mke16z4_clock.o [1]
  .rodata            const         0x2fd0   0x158  mke16z4_port_gpio.o [1]
  .rodata            const         0x3128   0x118  mke16z4_clock.o [1]
  .rodata            const         0x3240   0x104  mke16z4_port_gpio.o [1]
  .rodata            const         0x3344    0xf0  mke16z4_lpuart.o [1]
  .rodata            const         0x3434    0xdc  mke16z4_clock.o [1]
  .rodata            const         0x3510    0xc4  mke16z4_lpuart.o [1]
  .rodata            const         0x35d4    0xb0  mke16z4_port_gpio.o [1]
  .rodata            const         0x3684    0xb0  mke16z4_port_gpio.o [1]
  .rodata            const         0x3734    0xa8  main.o [4]
  .rodata            const         0x37dc    0x9c  mke16z4_lpuart.o [1]
  .rodata            const         0x3878    0x98  mke16z4_lpuart.o [1]
  .rodata            const         0x3910    0x94  mke16z4_port_gpio.o [1]
  .rodata            const         0x39a4    0x8c  mke16z4_clock.o [1]
  .rodata            const         0x3a30    0x74  mke16z4_port_gpio.o [1]
  .rodata            const         0x3aa4    0x70  mke16z4_clock.o [1]
  .rodata            const         0x3b14    0x6c  mke16z4_lpuart.o [1]
  .rodata            const         0x3b80    0x64  main.o [4]
  .rodata            const         0x3be4    0x60  main.o [4]
  .rodata            const         0x3c44    0x60  mke16z4_lpuart.o [1]
  .rodata            const         0x3ca4    0x60  mke16z4_port_gpio.o [1]
  .rodata            const         0x3d04    0x5c  mke16z4_clock.o [1]
  .rodata            const         0x3d60    0x5c  mke16z4_core.o [1]
  .rodata            const         0x3dbc    0x5c  mke16z4_flash.o [1]
  .rodata            const         0x3e18    0x58  mke16z4_lpuart.o [1]
  .rodata            const         0x3e70    0x50  mke16z4_port_gpio.o [1]
  .rodata            const         0x3ec0    0x50  mke16z4_port_gpio.o [1]
  .text              ro code       0x3f10    0x50  system_MKE16Z4.o [5]
  .text              ro code       0x3f60     0x2  system_MKE16Z4.o [5]
  .text              ro code       0x3f62     0x2  startup_MKE16Z4.o [5]
  .rodata            const         0x3f64    0x3c  main.o [4]
  .text              ro code       0x3fa0    0x3c  zero_init3.o [8]
  .rodata            const         0x3fdc    0x38  mke16z4_port_gpio.o [1]
  .rodata            const         0x4014    0x34  main.o [4]
  .rodata            const         0x4048    0x34  mke16z4_clock.o [1]
  .rodata            const         0x407c    0x30  mke16z4_port_gpio.o [1]
  .text              ro code       0x40ac    0x30  copy_init3.o [8]
  .rodata            const         0x40dc    0x2c  main.o [4]
  .rodata            const         0x4108    0x28  main.o [4]
  .text              ro code       0x4130    0x28  startup_MKE16Z4.o [5]
  .text              ro code       0x4158    0x28  data_init.o [8]
  .rodata            const         0x4180    0x24  main.o [4]
  .iar.init_table    const         0x41a4    0x24  - Linker created -
  .rodata            const         0x41c8    0x20  mke16z4_flash.o [1]
  .rodata            const         0x41e8    0x20  mke16z4_flash.o [1]
  .text              ro code       0x4208    0x1e  cmain.o [8]
  .text              ro code       0x4226     0x4  low_level_init.o [7]
  .text              ro code       0x422a     0x8  exit.o [7]
  .text              ro code       0x4234     0xa  cexit.o [8]
  .rodata            const         0x4240    0x1c  mke16z4_flash.o [1]
  .rodata            const         0x425c    0x1c  mke16z4_flash.o [1]
  .text              ro code       0x4278    0x1c  cstartup_M.o [8]
  .rodata            const         0x4294    0x18  mke16z4_core.o [1]
  .rodata            const         0x42ac    0x18  mke16z4_flash.o [1]
  .rodata            const         0x42c4    0x18  mke16z4_lpuart.o [1]
  .rodata            const         0x42dc    0x14  main.o [4]
  .rodata            const         0x42f0    0x14  mke16z4_port_gpio.o [1]
  .rodata            const         0x4304    0x14  mke16z4_port_gpio.o [1]
  .rodata            const         0x4318     0xc  mke16z4_core.o [1]
  .rodata            const         0x4324     0xc  mke16z4_lpuart.o [1]
  .rodata            const         0x4330     0xc  mke16z4_lpuart.o [1]
  .text              ro code       0x433c     0x8  startup_MKE16Z4.o [5]
  .text              ro code       0x4344     0x8  startup_MKE16Z4.o [5]
  .text              ro code       0x434c     0x8  startup_MKE16Z4.o [5]
  .text              ro code       0x4354     0x8  startup_MKE16Z4.o [5]
  .text              ro code       0x435c     0x8  startup_MKE16Z4.o [5]
  .rodata            const         0x4364     0x4  mke16z4_lpuart.o [1]
  .rodata            const         0x4368     0x0  zero_init3.o [8]
  .rodata            const         0x4368     0x0  copy_init3.o [8]
                                 - 0x4368  0x3f58

"P2", part 1 of 3:                           0x2c
  P2 s0                       0x2000'0000    0x2c  <Init block>
    .data            inited   0x2000'0000     0xc  fpt_emb_srec.o [3]
    .data            inited   0x2000'000c     0x4  mke16z4_clock.o [1]
    .data            inited   0x2000'0010     0x4  mke16z4_core.o [1]
    .data            inited   0x2000'0014     0x4  mke16z4_lpuart.o [1]
    .data            inited   0x2000'0018     0x4  mke16z4_lpuart.o [1]
    .data            inited   0x2000'001c     0x4  mke16z4_lpuart.o [1]
    .data            inited   0x2000'0020     0x4  mke16z4_port_gpio.o [1]
    .data            inited   0x2000'0024     0x4  mke16z4_port_gpio.o [1]
    .data            inited   0x2000'0028     0x1  main.o [4]
    .data            inited   0x2000'0029     0x1  main.o [4]
                            - 0x2000'002c    0x2c

"P2", part 2 of 3:                         0x11b8
  .bss               zero     0x2000'002c  0x1000  main.o [4]
  .bss               zero     0x2000'102c   0x104  main.o [4]
  .bss               zero     0x2000'1130    0x40  main.o [4]
  .bss               zero     0x2000'1170    0x34  main.o [4]
  .bss               zero     0x2000'11a4    0x18  main.o [4]
  .bss               zero     0x2000'11bc     0xc  mke16z4_lpuart.o [1]
  .bss               zero     0x2000'11c8     0x4  fpt_emb_srec.o [3]
  .bss               zero     0x2000'11cc     0x4  fpt_emb_srec.o [3]
  .bss               zero     0x2000'11d0     0x4  main.o [4]
  .bss               zero     0x2000'11d4     0x4  mke16z4_core.o [1]
  .bss               zero     0x2000'11d8     0x4  mke16z4_core.o [1]
  .bss               zero     0x2000'11dc     0x1  fpt_emb_srec.o [3]
  .bss               zero     0x2000'11dd     0x1  fpt_emb_srec.o [3]
  .bss               zero     0x2000'11de     0x1  fpt_emb_srec.o [3]
  .bss               zero     0x2000'11df     0x1  fpt_emb_srec.o [3]
  .bss               zero     0x2000'11e0     0x1  main.o [4]
  .bss               zero     0x2000'11e1     0x1  main.o [4]
                            - 0x2000'11e2  0x11b6

"P2", part 3 of 3:                          0x200
  CSTACK                      0x2000'11e8   0x200  <Block>
    CSTACK           uninit   0x2000'11e8   0x200  <Block tail>
                            - 0x2000'13e8   0x200

Unused ranges:

         From           To    Size
         ----           --    ----
        0x1ec        0x3ff   0x214
       0x4368       0xffff  0xbc98
  0x1fff'f800  0x1fff'ffff   0x800
  0x2000'11e4  0x2000'11e7     0x4
  0x2000'13e8  0x2000'17ff   0x418


*******************************************************************************
*** INIT TABLE
***

          Address      Size
          -------      ----
Zero (__iar_zero_init3)
    1 destination range, total size 0x11b6:
          0x2000'002c  0x11b6

Copy (__iar_copy_init3)
    1 source range, total size 0x2c (104% of destination):
                0x1c0    0x2c
    1 destination range, total size 0x2a:
          0x2000'0000    0x2a



*******************************************************************************
*** MODULE SUMMARY
***

    Module               ro code  ro data  rw data
    ------               -------  -------  -------
command line/config:
    ----------------------------------------------
    Total:

D:\Embedded\FPT\IAR Workspace\ASM_MOCK\Project\Debug\Obj\Driver_Src_14374164200283088598.dir: [1]
    mke16z4_clock.o        1'012    1'552        4
    mke16z4_core.o           346      132       12
    mke16z4_flash.o          528      236
    mke16z4_lpuart.o       2'536    2'868       24
    mke16z4_port_gpio.o      708    1'628        8
    ----------------------------------------------
    Total:                 5'130    6'416       48

D:\Embedded\FPT\IAR Workspace\ASM_MOCK\Project\Debug\Obj\Queue_12762083910729042743.dir: [2]
    fpt_emb_queue.o          194
    ----------------------------------------------
    Total:                   194

D:\Embedded\FPT\IAR Workspace\ASM_MOCK\Project\Debug\Obj\SREC_6463990023672075483.dir: [3]
    fpt_emb_srec.o         1'006       12       24
    ----------------------------------------------
    Total:                 1'006       12       24

D:\Embedded\FPT\IAR Workspace\ASM_MOCK\Project\Debug\Obj\Src_3966909835793171076.dir: [4]
    main.o                 1'100    1'322    4'504
    ----------------------------------------------
    Total:                 1'100    1'322    4'504

D:\Embedded\FPT\IAR Workspace\ASM_MOCK\Project\Debug\Obj\Startup_6672369547335228436.dir: [5]
    startup_MKE16Z4.o        296
    system_MKE16Z4.o          82
    ----------------------------------------------
    Total:                   378

D:\Embedded\FPT\IAR Workspace\ASM_MOCK\Project\Debug\Obj\Utilities_2938545131390514511.dir: [6]
    fpt_emb_utility.o        118
    ----------------------------------------------
    Total:                   118

dl6M_tln.a: [7]
    abort.o                   10
    exit.o                     8
    low_level_init.o           4
    sprintf.o                 64
    xprintftiny.o            380
    xsprout.o                 10
    ----------------------------------------------
    Total:                   476

rt6M_tl.a: [8]
    ABImemset.o               78
    I32DivModFast.o          174
    IntDivZer.o                2
    cexit.o                   10
    cmain.o                   30
    copy_init3.o              48
    cstartup_M.o              28
    data_init.o               40
    zero_init3.o              60
    ----------------------------------------------
    Total:                   470

shb_l.a: [9]
    ABIassert.o               36
    exit.o                    20
    ----------------------------------------------
    Total:                    56

    Gaps                       4        4
    Linker created                     38      512
--------------------------------------------------
    Grand Total:           8'932    7'792    5'088


*******************************************************************************
*** ENTRY LIST
***

Entry                       Address    Size  Type      Object
-----                       -------    ----  ----      ------
.iar.init_table$$Base        0x41a4           --   Gb  - Linker created -
.iar.init_table$$Limit       0x41c8           --   Gb  - Linker created -
?main                        0x4209          Code  Gb  cmain.o [8]
ADC0_IRQHandler              0x435d          Code  Wk  startup_MKE16Z4.o [5]
ARM_SetMSP                   0x1341     0x6  Code  Gb  mke16z4_core.o [1]
BL_Button_Init               0x1aa7    0x3c  Code  Lc  main.o [4]
BL_DeInit                    0x1b47    0x30  Code  Gb  main.o [4]
BL_Download_Program          0x1bdb   0x122  Code  Lc  main.o [4]
BL_JumpToUserApp             0x1b77    0x64  Code  Lc  main.o [4]
BL_SysTick_Handler           0x1de5    0x54  Code  Lc  main.o [4]
BL_UART_Init                 0x1ae3    0x64  Code  Lc  main.o [4]
BL_UART_Received_Handling
                             0x1d09    0xca  Code  Lc  main.o [4]
CMP0_IRQHandler              0x435d          Code  Wk  startup_MKE16Z4.o [5]
CSTACK$$Base            0x2000'11e8           --   Gb  - Linker created -
CSTACK$$Limit           0x2000'13e8           --   Gb  - Linker created -
DefaultISR                   0x435d          Code  Wk  startup_MKE16Z4.o [5]
FLASH_EraseSector            0x2793    0x5e  Code  Gb  mke16z4_flash.o [1]
FLASH_EraseSectors           0x2707    0x6a  Code  Gb  mke16z4_flash.o [1]
FLASH_GetSector              0x2771    0x22  Code  Gb  mke16z4_flash.o [1]
FLASH_WriteData_Polling
                             0x26a9    0x5e  Code  Gb  mke16z4_flash.o [1]
FLASH_WriteLongWord_Polling
                             0x27f1    0x8c  Code  Gb  mke16z4_flash.o [1]
FTFA_IRQHandler              0x435d          Code  Wk  startup_MKE16Z4.o [5]
FTM0_IRQHandler              0x435d          Code  Wk  startup_MKE16Z4.o [5]
FTM1_IRQHandler              0x435d          Code  Wk  startup_MKE16Z4.o [5]
GPIO_ReadPin                 0x208b    0x58  Code  Gb  mke16z4_port_gpio.o [1]
HardFault_Handler            0x2667          Code  Wk  startup_MKE16Z4.o [5]
LPI2C0_DriverIRQHandler
                             0x435d          Code  Wk  startup_MKE16Z4.o [5]
LPI2C0_IRQHandler            0x433d          Code  Wk  startup_MKE16Z4.o [5]
LPIT0_IRQHandler             0x435d          Code  Wk  startup_MKE16Z4.o [5]
LPSPI0_DriverIRQHandler
                             0x435d          Code  Wk  startup_MKE16Z4.o [5]
LPSPI0_IRQHandler            0x4345          Code  Wk  startup_MKE16Z4.o [5]
LPUART0_DriverIRQHandler
                             0x435d          Code  Wk  startup_MKE16Z4.o [5]
LPUART0_IRQHandler            0xd85    0x12  Code  Gb  mke16z4_lpuart.o [1]
LPUART1_DriverIRQHandler
                             0x435d          Code  Wk  startup_MKE16Z4.o [5]
LPUART1_IRQHandler            0xd97    0x12  Code  Gb  mke16z4_lpuart.o [1]
LPUART2_DriverIRQHandler
                             0x435d          Code  Wk  startup_MKE16Z4.o [5]
LPUART2_IRQHandler            0xdab    0x12  Code  Gb  mke16z4_lpuart.o [1]
LPUART_AbortReceive_Interrupt
                              0x8b3    0x24  Code  Gb  mke16z4_lpuart.o [1]
LPUART_BaudRateMatchConfig
                              0xb65    0xac  Code  Lc  mke16z4_lpuart.o [1]
LPUART_Default_IRQHandler
                              0xd83     0x2  Code  Lc  mke16z4_lpuart.o [1]
LPUART_DriverHandles    0x2000'11bc     0xc  Data  Lc  mke16z4_lpuart.o [1]
LPUART_IRQHandler             0xa71    0xcc  Code  Gb  mke16z4_lpuart.o [1]
LPUART_IRQn                  0x4364     0x4  Data  Lc  mke16z4_lpuart.o [1]
LPUART_Init                   0x4e9   0x378  Code  Gb  mke16z4_lpuart.o [1]
LPUART_Receive_Interrupt
                              0xc11    0xa0  Code  Lc  mke16z4_lpuart.o [1]
LPUART_Start_Receive_Interrupt
                              0x869    0x4a  Code  Gb  mke16z4_lpuart.o [1]
LPUART_TransmitComplete_Interrupt
                              0xd5d    0x26  Code  Lc  mke16z4_lpuart.o [1]
LPUART_Transmit_Interrupt
                              0xcb5    0xa8  Code  Lc  mke16z4_lpuart.o [1]
LPUART_Transmit_Polling
                              0x901    0xf6  Code  Gb  mke16z4_lpuart.o [1]
LPUART_WaitForFlag            0xa09    0x5c  Code  Lc  mke16z4_lpuart.o [1]
LPUSART_InstanceToPCC         0xb3d    0x26  Code  Lc  mke16z4_lpuart.o [1]
LVD_LVW_IRQHandler           0x435d          Code  Wk  startup_MKE16Z4.o [5]
MSCAN_DriverIRQHandler       0x435d          Code  Wk  startup_MKE16Z4.o [5]
MSCAN_ORed_IRQHandler        0x4355          Code  Wk  startup_MKE16Z4.o [5]
MSCAN_Rx_IRQHandler          0x434d          Code  Wk  startup_MKE16Z4.o [5]
NMI_Handler                   0x1ab          Code  Wk  startup_MKE16Z4.o [5]
PCC_ClockGateControl          0xdf9    0xba  Code  Gb  mke16z4_clock.o [1]
PCC_GetAsyncClock            0x1125    0x7a  Code  Gb  mke16z4_clock.o [1]
PCC_PeriphClockSrcSelect
                              0xeb3    0xca  Code  Gb  mke16z4_clock.o [1]
PDB0_IRQHandler              0x435d          Code  Wk  startup_MKE16Z4.o [5]
PORTAE_IRQHandler            0x2113     0xa  Code  Gb  mke16z4_port_gpio.o [1]
PORTBCD_IRQHandler           0x211d     0xa  Code  Gb  mke16z4_port_gpio.o [1]
PORT_Default_IRQHandler
                             0x2111     0x2  Code  Lc  mke16z4_port_gpio.o [1]
PORT_Init                    0x1e7d   0x20e  Code  Gb  mke16z4_port_gpio.o [1]
PWT_LPTMR0_IRQHandler        0x435d          Code  Wk  startup_MKE16Z4.o [5]
PendSV_Handler               0x3f63          Code  Wk  startup_MKE16Z4.o [5]
Queue_BackPushIndex          0x21fb    0x2c  Code  Gb  fpt_emb_queue.o [2]
Queue_FrontPopIndex          0x2227    0x28  Code  Gb  fpt_emb_queue.o [2]
Queue_GetBackBuffer          0x226b     0xe  Code  Gb  fpt_emb_queue.o [2]
Queue_Init                   0x21b7    0x1e  Code  Gb  fpt_emb_queue.o [2]
Queue_IsEmpty                0x21d5    0x12  Code  Gb  fpt_emb_queue.o [2]
Queue_IsFull                 0x21e7    0x14  Code  Gb  fpt_emb_queue.o [2]
Queue_PeekBack               0x225d     0xe  Code  Gb  fpt_emb_queue.o [2]
Queue_PeekFront              0x224f     0xe  Code  Gb  fpt_emb_queue.o [2]
RTC_IRQHandler               0x435d          Code  Wk  startup_MKE16Z4.o [5]
Region$$Table$$Base          0x41a4           --   Gb  - Linker created -
Region$$Table$$Limit         0x41c8           --   Gb  - Linker created -
Reserved16_IRQHandler        0x435d          Code  Wk  startup_MKE16Z4.o [5]
Reserved17_IRQHandler        0x435d          Code  Wk  startup_MKE16Z4.o [5]
Reserved18_IRQHandler        0x435d          Code  Wk  startup_MKE16Z4.o [5]
Reserved19_IRQHandler        0x435d          Code  Wk  startup_MKE16Z4.o [5]
Reserved20_IRQHandler        0x435d          Code  Wk  startup_MKE16Z4.o [5]
Reserved25_IRQHandler        0x435d          Code  Wk  startup_MKE16Z4.o [5]
Reserved27_IRQHandler        0x435d          Code  Wk  startup_MKE16Z4.o [5]
Reserved35_IRQHandler        0x435d          Code  Wk  startup_MKE16Z4.o [5]
Reserved37_IRQHandler        0x435d          Code  Wk  startup_MKE16Z4.o [5]
Reserved39_IRQHandler        0x435d          Code  Wk  startup_MKE16Z4.o [5]
Reset_Handler                0x4131          Code  Wk  startup_MKE16Z4.o [5]
S0_Started              0x2000'11dc     0x1  Data  Lc  fpt_emb_srec.o [3]
SCB_VectorTableOffSetConfig
                             0x1309     0x6  Code  Gb  mke16z4_core.o [1]
SCG_GetCLOCK                  0xf83    0x72  Code  Gb  mke16z4_clock.o [1]
SCG_GetCLOCKDIV2             0x10a1    0x7c  Code  Gb  mke16z4_clock.o [1]
SCG_GetCoreSysClock           0xf7d     0x6  Code  Gb  mke16z4_clock.o [1]
SCG_RCM_IRQHandler           0x435d          Code  Wk  startup_MKE16Z4.o [5]
SCG_SetCLOCKDIV2             0x1005    0x9c  Code  Gb  mke16z4_clock.o [1]
SREC_ConvertToHex_BigEndian
                             0x2539    0x9a  Code  Lc  fpt_emb_srec.o [3]
SREC_ConvertToHex_LittleEndian
                             0x25d3    0x94  Code  Lc  fpt_emb_srec.o [3]
SREC_EndOfFileCheck          0x2509    0x12  Code  Gb  fpt_emb_srec.o [3]
SREC_GetParsingLine          0x229d     0x6  Code  Gb  fpt_emb_srec.o [3]
SREC_Init                    0x2279    0x24  Code  Gb  fpt_emb_srec.o [3]
SREC_ParseLine               0x22a3   0x266  Code  Gb  fpt_emb_srec.o [3]
SVC_Handler                  0x2a83          Code  Wk  startup_MKE16Z4.o [5]
S_CountUsed             0x2000'11de     0x1  Data  Lc  fpt_emb_srec.o [3]
S_DataTypeUsed          0x2000'11dd     0x1  Data  Lc  fpt_emb_srec.o [3]
S_TerminateUsed         0x2000'11df     0x1  Data  Lc  fpt_emb_srec.o [3]
SysCoreClock            0x2000'000c     0x4  Data  Lc  mke16z4_clock.o [1]
SysTickTicks            0x2000'11d8     0x4  Data  Lc  mke16z4_core.o [1]
SysTickTimeFreq         0x2000'11d4     0x4  Data  Lc  mke16z4_core.o [1]
SysTick_Config               0x125f    0x30  Code  Lc  mke16z4_core.o [1]
SysTick_DeInit               0x12d7     0xc  Code  Gb  mke16z4_core.o [1]
SysTick_DefaultHandler       0x12f5     0x2  Code  Lc  mke16z4_core.o [1]
SysTick_GetFrequency         0x12e3     0x6  Code  Gb  mke16z4_core.o [1]
SysTick_GetTick              0x12e9     0x6  Code  Gb  mke16z4_core.o [1]
SysTick_Handler              0x12f7    0x12  Code  Gb  mke16z4_core.o [1]
SysTick_Init                 0x128f    0x48  Code  Gb  mke16z4_core.o [1]
SysTick_RegisterCallback
                             0x12ef     0x6  Code  Gb  mke16z4_core.o [1]
SystemInit                   0x3f11    0x34  Code  Gb  system_MKE16Z4.o [5]
SystemInitHook               0x3f61     0x2  Code  Wk  system_MKE16Z4.o [5]
TSI_IRQHandler               0x435d          Code  Wk  startup_MKE16Z4.o [5]
WDOG_EWM_IRQHandler          0x435d          Code  Wk  startup_MKE16Z4.o [5]
_PrintfTiny                  0x2921   0x162  Code  Gb  xprintftiny.o [7]
_SProut                       0x193     0xa  Code  Gb  xsprout.o [7]
__NVIC_ClearPendingIRQ        0x449    0x18  Code  Lc  mke16z4_lpuart.o [1]
__NVIC_DisableIRQ             0x429    0x20  Code  Lc  mke16z4_lpuart.o [1]
__NVIC_EnableIRQ              0x411    0x18  Code  Lc  mke16z4_lpuart.o [1]
__NVIC_SetPriority           0x11ed    0x72  Code  Lc  mke16z4_core.o [1]
__NVIC_SetPriority            0x461    0x72  Code  Lc  mke16z4_lpuart.o [1]
__Vectors                       0x0           --   Gb  startup_MKE16Z4.o [5]
__Vectors_End                  0xc0          Data  Gb  startup_MKE16Z4.o [5]
__Vectors_Size {Abs}           0xc0           --   Gb  startup_MKE16Z4.o [5]
__aeabi_assert                 0xc1    0x24  Code  Gb  ABIassert.o [9]
__aeabi_idiv0                 0x1a9          Code  Gb  IntDivZer.o [8]
__aeabi_memset               0x28b9          Code  Gb  ABImemset.o [8]
__aeabi_uidiv                  0xe5          Code  Gb  I32DivModFast.o [8]
__aeabi_uidivmod               0xe5          Code  Gb  I32DivModFast.o [8]
__cmain                      0x4209          Code  Gb  cmain.o [8]
__exit                        0x1ad    0x14  Code  Gb  exit.o [9]
__iar_Memset4_word           0x28d9          Code  Gb  ABImemset.o [8]
__iar_Memset_word            0x28c5          Code  Gb  ABImemset.o [8]
__iar_copy_init3             0x40ad    0x30  Code  Gb  copy_init3.o [8]
__iar_data_init3             0x4159    0x28  Code  Gb  data_init.o [8]
__iar_program_start          0x4279          Code  Gb  cstartup_M.o [8]
__iar_zero_init3             0x3fa1    0x3c  Code  Gb  zero_init3.o [8]
__low_level_init             0x4227     0x4  Code  Gb  low_level_init.o [7]
__vector_table                  0x0          Data  Gb  startup_MKE16Z4.o [5]
__vector_table_0x1c            0x1c          Data  Gb  startup_MKE16Z4.o [5]
_call_main                   0x4215          Code  Gb  cmain.o [8]
_exit                        0x4235          Code  Gb  cexit.o [8]
abort                         0x19d     0xa  Code  Gb  abort.o [7]
addressField_HexDigits  0x2000'0000     0xc  Data  Lc  fpt_emb_srec.o [3]
bootState               0x2000'0028     0x1  Data  Lc  main.o [4]
dataLines               0x2000'11cc     0x4  Data  Lc  fpt_emb_srec.o [3]
errorMessage            0x2000'1170    0x34  Data  Lc  main.o [4]
exit                         0x422b     0x8  Code  Gb  exit.o [7]
gpioPtrs                     0x4304    0x14  Data  Lc  mke16z4_port_gpio.o [1]
handleUART              0x2000'1130    0x40  Data  Lc  main.o [4]
lpuartPtrs                   0x4324     0xc  Data  Lc  mke16z4_lpuart.o [1]
main                         0x1a31    0x76  Code  Gb  main.o [4]
out                          0x2907    0x1a  Code  Lc  xprintftiny.o [7]
pISRCallback            0x2000'0010     0x4  Data  Lc  mke16z4_core.o [1]
pISR_LPUART0_Callback   0x2000'0014     0x4  Data  Lc  mke16z4_lpuart.o [1]
pISR_LPUART1_Callback   0x2000'0018     0x4  Data  Lc  mke16z4_lpuart.o [1]
pISR_LPUART2_Callback   0x2000'001c     0x4  Data  Lc  mke16z4_lpuart.o [1]
pISR_PORTAE_Callback    0x2000'0020     0x4  Data  Lc  mke16z4_port_gpio.o [1]
pISR_PORTBCD_Callback   0x2000'0024     0x4  Data  Lc  mke16z4_port_gpio.o [1]
parsingField            0x2000'11e0     0x1  Data  Lc  main.o [4]
parsingState            0x2000'0029     0x1  Data  Lc  main.o [4]
portPtrs                     0x42f0    0x14  Data  Lc  mke16z4_port_gpio.o [1]
sprintf                      0x2669    0x40  Code  Gb  sprintf.o [7]
srecBuffer              0x2000'002c  0x1000  Data  Lc  main.o [4]
srecData                0x2000'102c   0x104  Data  Lc  main.o [4]
srecError               0x2000'11e1     0x1  Data  Lc  main.o [4]
srecQueue               0x2000'11a4    0x18  Data  Lc  main.o [4]
strlen                       0x2141    0x12  Code  Gb  fpt_emb_utility.o [6]
strtohex                     0x2153    0x64  Code  Gb  fpt_emb_utility.o [6]
timeoutTicks            0x2000'11d0     0x4  Data  Lc  main.o [4]
totalLines              0x2000'11c8     0x4  Data  Lc  fpt_emb_srec.o [3]
wordLengthMask               0x4330     0xc  Data  Lc  mke16z4_lpuart.o [1]


[1] = D:\Embedded\FPT\IAR Workspace\ASM_MOCK\Project\Debug\Obj\Driver_Src_14374164200283088598.dir
[2] = D:\Embedded\FPT\IAR Workspace\ASM_MOCK\Project\Debug\Obj\Queue_12762083910729042743.dir
[3] = D:\Embedded\FPT\IAR Workspace\ASM_MOCK\Project\Debug\Obj\SREC_6463990023672075483.dir
[4] = D:\Embedded\FPT\IAR Workspace\ASM_MOCK\Project\Debug\Obj\Src_3966909835793171076.dir
[5] = D:\Embedded\FPT\IAR Workspace\ASM_MOCK\Project\Debug\Obj\Startup_6672369547335228436.dir
[6] = D:\Embedded\FPT\IAR Workspace\ASM_MOCK\Project\Debug\Obj\Utilities_2938545131390514511.dir
[7] = dl6M_tln.a
[8] = rt6M_tl.a
[9] = shb_l.a

  8'932 bytes of readonly  code memory
  7'792 bytes of readonly  data memory
  5'088 bytes of readwrite data memory

Errors: none
Warnings: none
